[2026-09-2200:00:47] METHOD: GET /actividades - STATUS: 200 
[2026-09-2200:00:50] METHOD: GET /actividades - STATUS: 200 
[2026-09-2200:00:51] METHOD: GET /actividades - STATUS: 200 
[2026-09-2200:00:52] METHOD: GET /actividades - STATUS: 200 
[2026-09-2200:03:18] METHOD: POST /actividades - STATUS: 201 
[2026-09-2200:03:38] METHOD: GET /actividades - STATUS: 200 
[2026-09-2200:07:59] METHOD: GET /actividades - STATUS: 200 
[2026-09-2200:08:51] METHOD: GET /actividades/6ab1c5c66b28e572f8f4c040 - STATUS: 200 
[2026-09-2200:09:00] METHOD: GET /v1/actividades/6ab1c5c66b28e572f8fkc040 - STATUS: 500 
[2026-09-2200:09:24] METHOD: GET /v1/actividades/6ab1c5c66b28e572f8fkc040 - STATUS: 500 
[2026-09-2200:10:00] METHOD: GET /actividades/6ab1c5c66b28e572f8f4c040 - STATUS: 200 
[2026-09-2200:10:07] METHOD: GET /actividades/6ab1c1c66b28e572f8f4c040 - STATUS: 200 
[2026-09-2200:12:16] METHOD: GET /actividades/6ab1c1c66b28e572f8f4c040 - STATUS: 404 
[2026-09-2200:12:24] METHOD: GET /actividades/6ab1c5c66b28e572f8f4c040 - STATUS: 200 
[2026-09-2200:12:29] METHOD: GET /v1/actividades/6ab1c5c66b2we572f8f4c040 - STATUS: 500 
[2026-09-2200:20:24] METHOD: PUT /actividades/6ab1c5c66b28e572f8f4c040 - STATUS: 200 
[2026-09-2200:21:45] METHOD: PUT /actividades/6ab1c5c66b28e572f8f4c040 - STATUS: 200 
[2026-09-2200:22:44] METHOD: PUT /actividades/6ab1c5c66b28e572f8f4c040 - STATUS: 200 
[2026-09-2200:24:48] METHOD: PUT /actividades/6ab1c5c66b28e572f8f4c040 - STATUS: 200 
[2026-09-2200:27:53] METHOD: PUT /actividades/6ab1c5c66b28e572f8f4c040 - STATUS: 400 
[2026-09-2200:28:22] METHOD: PUT /actividades/6ab1c5c66b28e572f8f4c040 - STATUS: 200 
[2026-09-2200:28:57] METHOD: DELETE /actividades/6ab1c5c66b28e572f8f4c048 - STATUS: 204 
[2026-09-2200:29:14] METHOD: DELETE /actividades/6ab1c5c66b28e572f8f4c040 - STATUS: 204 
[2026-09-2200:29:32] METHOD: POST /v1/actividades - STATUS: 201 
[2026-09-2200:32:24] METHOD: POST /actividades - STATUS: 201 
[2026-09-2200:32:42] METHOD: DELETE /actividades/6ab1c5c66b28e572f8f4c040 - STATUS: 204 
[2026-09-2200:34:09] METHOD: DELETE /v1/actividades/6ab1c5c66b28e572f8f4c040 - STATUS: 500 
[2026-09-2200:35:59] METHOD: DELETE /actividades/6ab1c5c66b28e572f8f4c040 - STATUS: 404 
[2026-09-2200:36:26] METHOD: DELETE /actividades/6ab1cbeca57644304c558310 - STATUS: 204 
[2026-09-2200:37:04] METHOD: PUT /actividades/6ab1cc9806ff8a8d306fecab - STATUS: 200 
