[2026-09-2900:00:05] METHOD: GET /inscripciones - STATUS: 200 
[2026-09-2900:00:13] METHOD: GET /inscripciones - STATUS: 200 
[2026-09-2900:01:16] METHOD: GET /ping - STATUS: 200 
[2026-09-2911:18:56] METHOD: GET /ping - STATUS: 401 
[2026-09-2911:18:56] METHOD: GET /favicon.ico - STATUS: 401 
[2026-09-2911:19:18] METHOD: GET /ping - STATUS: 200 
[2026-09-2911:19:58] METHOD: GET /ping - STATUS: 200 
[2026-09-2911:20:03] METHOD: POST /login - STATUS: 200 
[2026-09-2911:28:40] METHOD: POST /login - STATUS: 200 
[2026-09-2911:29:00] METHOD: POST /login - STATUS: 400 
[2026-09-2911:29:27] METHOD: POST /login - STATUS: 200 
[2026-09-2911:31:48] METHOD: POST /login - STATUS: 200 
[2026-09-2911:33:42] METHOD: POST /login - STATUS: 200 
[2026-09-2911:34:06] METHOD: POST /login - STATUS: 200 
[2026-09-2911:34:55] METHOD: GET /ping - STATUS: 200 
[2026-09-2911:35:03] METHOD: POST /login - STATUS: 200 
[2026-09-2911:38:08] METHOD: POST /login - STATUS: 200 
[2026-09-2911:39:51] METHOD: POST /login - STATUS: 200 
[2026-09-2911:42:41] METHOD: POST /login - STATUS: 200 
[2026-09-2911:43:02] METHOD: POST /login - STATUS: 200 
[2026-09-2911:43:28] METHOD: POST /login - STATUS: 200 
[2026-09-2911:43:41] METHOD: POST /login - STATUS: 200 
[2026-09-2911:43:54] METHOD: POST /login - STATUS: 400 
[2026-09-2911:44:05] METHOD: POST /login - STATUS: 200 
[2026-09-2911:54:57] METHOD: POST /signup - STATUS: 400 
[2026-09-2911:55:01] METHOD: POST /signup - STATUS: 400 
[2026-09-2911:55:12] METHOD: POST /signup - STATUS: 400 
[2026-09-2911:56:05] METHOD: POST /signup - STATUS: 201 
[2026-09-2911:59:37] METHOD: PATCH /usuarios/premium - STATUS: 400 
[2026-09-2912:06:13] METHOD: GET /actividades - STATUS: 200 
[2026-09-2912:06:24] METHOD: GET /actividades - STATUS: 200 
[2026-09-2912:06:41] METHOD: GET /actividades - STATUS: 200 
[2026-09-2912:06:46] METHOD: GET /actividades - STATUS: 200 
[2026-09-2912:06:48] METHOD: GET /actividades - STATUS: 200 
[2026-09-2912:06:48] METHOD: GET /actividades - STATUS: 200 
[2026-09-2912:06:50] METHOD: GET /actividades - STATUS: 200 
[2026-09-2912:06:56] METHOD: GET /actividades - STATUS: 200 
[2026-09-2912:07:04] METHOD: GET /actividades - STATUS: 200 
[2026-09-2912:07:08] METHOD: GET /actividades - STATUS: 200 
[2026-09-2912:07:13] METHOD: GET /actividades - STATUS: 200 
[2026-09-2912:07:21] METHOD: GET /actividades - STATUS: 200 
[2026-09-2912:24:41] METHOD: GET /actividades/6ab1c5c66b2we572f8f4c040 - STATUS: 500 
[2026-09-2912:25:16] METHOD: GET /actividades/6ab2684f73a8f519ece2bc98 - STATUS: 200 
[2026-09-2913:01:58] METHOD: POST /v1/actividades - STATUS: 401 
[2026-09-2913:02:15] METHOD: POST /login - STATUS: 200 
[2026-09-2913:02:27] METHOD: POST /actividades - STATUS: 400 
[2026-09-2913:02:44] METHOD: POST /actividades - STATUS: 201 
[2026-09-2913:05:20] METHOD: DELETE /actividades/6ab1cbeca57644304c558310 - STATUS: 404 
[2026-09-2913:05:35] METHOD: GET /actividades/6ab2684f73a8f519ece2bc98 - STATUS: 200 
[2026-09-2913:05:43] METHOD: GET /actividades - STATUS: 200 
[2026-09-2913:05:58] METHOD: GET /actividades - STATUS: 200 
[2026-09-2913:06:08] METHOD: DELETE /actividades/6abbb6f4030ba1af0970f02c - STATUS: 204 
[2026-09-2913:08:56] METHOD: PUT /actividades/6ab1cc9806ff8a8d306fecab - STATUS: 400 
[2026-09-2913:10:10] METHOD: PUT /actividades/6ab1cc9806ff8a8d306fecab - STATUS: 404 
[2026-09-2913:10:23] METHOD: GET /actividades - STATUS: 200 
[2026-09-2913:10:40] METHOD: PUT /actividades/6ab2684f73a8f519ece2bc98 - STATUS: 200 
