[2026-09-1611:48:05] METHOD: GET /ping - STATUS: 200 
[2026-09-1611:48:31] METHOD: GET /v1/actividades - STATUS: 401 
[2026-09-1611:48:46] METHOD: POST /login - STATUS: 400 
[2026-09-1611:48:58] METHOD: POST /login - STATUS: 400 
[2026-09-1611:49:07] METHOD: POST /signup - STATUS: 201 
[2026-09-1611:49:13] METHOD: POST /signup - STATUS: 201 
[2026-09-1611:49:20] METHOD: POST /login - STATUS: 200 
[2026-09-1611:49:57] METHOD: GET /v1/actividades - STATUS: 401 
[2026-09-1611:50:17] METHOD: GET /actividades - STATUS: 200 
[2026-09-1611:50:28] METHOD: GET /v1/actividades/1 - STATUS: 401 
[2026-09-1611:50:55] METHOD: GET /actividades/1 - STATUS: 200 
[2026-09-1611:51:08] METHOD: GET /actividades/1 - STATUS: 200 
[2026-09-1611:51:39] METHOD: POST /actividades - STATUS: 201 
[2026-09-1611:52:08] METHOD: DELETE /actividades/2 - STATUS: 204 
[2026-09-1611:52:13] METHOD: DELETE /actividades/2 - STATUS: 404 
[2026-09-1611:52:14] METHOD: DELETE /actividades/2 - STATUS: 404 
[2026-09-1611:52:44] METHOD: PUT /v1/actividades/1 - STATUS: 401 
[2026-09-1611:52:55] METHOD: PUT /actividades/1 - STATUS: 200 
[2026-09-1612:07:09] METHOD: GET /ping - STATUS: 200 
[2026-09-1612:07:12] METHOD: GET /actividades - STATUS: 200 
[2026-09-1612:07:15] METHOD: GET /actividades/1 - STATUS: 200 
[2026-09-1612:07:20] METHOD: GET /actividades - STATUS: 200 
[2026-09-1612:07:33] METHOD: POST /actividades - STATUS: 201 
[2026-09-1612:07:36] METHOD: GET /actividades - STATUS: 200 
[2026-09-1612:07:43] METHOD: DELETE /actividades/2 - STATUS: 204 
[2026-09-1612:07:51] METHOD: POST /login - STATUS: 400 
[2026-09-1612:07:56] METHOD: POST /signup - STATUS: 201 
[2026-09-1612:08:00] METHOD: POST /login - STATUS: 200 
