[2026-09-0900:12:02] METHOD: GET /ping - STATUS: 200 
[2026-09-0900:12:18] METHOD: POST /expenses - STATUS: 201 
[2026-09-0900:22:50] METHOD: POST /expenses - STATUS: 201 
[2026-09-0900:57:43] METHOD: POST /expenses - STATUS: 201 
[2026-09-0900:57:56] METHOD: POST /expenses - STATUS: 201 
[2026-09-0900:58:47] METHOD: POST /expenses - STATUS: 201 
[2026-09-0901:08:53] METHOD: POST /expenses - STATUS: 201 
[2026-09-0901:09:01] METHOD: POST /expenses - STATUS: 201 
[2026-09-0901:09:31] METHOD: POST /expenses - STATUS: 201 
[2026-09-0901:10:08] METHOD: POST /expenses - STATUS: 201 
[2026-09-0921:55:19] METHOD: GET /ping - STATUS: 200 
[2026-09-0921:55:19] METHOD: GET /favicon.ico - STATUS: 401 
[2026-09-0921:59:25] METHOD: GET /ping - STATUS: 200 
[2026-09-0921:59:37] METHOD: GET /ping - STATUS: 200 
[2026-09-0922:19:37] METHOD: GET /actividades - STATUS: 200 
[2026-09-0922:24:48] METHOD: GET /v1/actividades/1 - STATUS: 500 
[2026-09-0922:25:04] METHOD: GET /v1/actividades:1 - STATUS: 404 
[2026-09-0922:25:13] METHOD: GET /v1/actividades/:1 - STATUS: 500 
[2026-09-0922:28:13] METHOD: GET /v1/actividades/:1 - STATUS: 500 
[2026-09-0922:28:25] METHOD: GET /actividades/ - STATUS: 200 
[2026-09-0922:28:31] METHOD: GET /v1/actividades:1 - STATUS: 404 
[2026-09-0922:28:39] METHOD: GET /v1/actividades/:1 - STATUS: 500 
[2026-09-0922:30:01] METHOD: GET /actividades/:1 - STATUS: 404 
[2026-09-0922:30:12] METHOD: GET /actividades/1 - STATUS: 200 
